lis2dw12.c:86:9:LIS2DW12_RegisterBusIO	24	static
lis2dw12.c:143:9:LIS2DW12_Init	16	static
lis2dw12.c:199:9:LIS2DW12_DeInit	16	static
lis2dw12.c:225:9:LIS2DW12_ReadID	16	static
lis2dw12.c:241:9:LIS2DW12_GetCapabilities	16	static
lis2dw12.c:264:9:LIS2DW12_ACC_Enable	16	static
lis2dw12.c:288:9:LIS2DW12_ACC_Disable	16	static
lis2dw12.c:313:9:LIS2DW12_ACC_GetSensitivity	24	static
lis2dw12.c:416:9:LIS2DW12_ACC_GetOutputDataRate	24	static
lis2dw12.c:613:9:LIS2DW12_ACC_SetOutputDataRate	16	static
lis2dw12.c:627:9:LIS2DW12_ACC_SetOutputDataRate_With_Mode	24	static
lis2dw12.c:646:9:LIS2DW12_ACC_GetFullScale	24	static
lis2dw12.c:690:9:LIS2DW12_ACC_SetFullScale	24	static
lis2dw12.c:715:9:LIS2DW12_ACC_GetAxesRaw	32	static
lis2dw12.c:779:9:LIS2DW12_ACC_GetAxes	32	static
lis2dw12.c:811:9:LIS2DW12_Read_Reg	24	static
lis2dw12.c:828:9:LIS2DW12_Write_Reg	16	static
lis2dw12.c:844:9:LIS2DW12_Set_Interrupt_Latch	16	static
lis2dw12.c:864:9:LIS2DW12_ACC_Enable_DRDY_Interrupt	24	static
lis2dw12.c:891:9:LIS2DW12_ACC_Disable_DRDY_Interrupt	24	static
lis2dw12.c:914:9:LIS2DW12_ACC_Set_Filter_Mode	16	static
lis2dw12.c:929:9:LIS2DW12_ACC_Enable_Wake_Up_Detection	24	static
lis2dw12.c:978:9:LIS2DW12_ACC_Disable_Wake_Up_Detection	32	static
lis2dw12.c:1040:9:LIS2DW12_ACC_Set_Wake_Up_Threshold	16	static
lis2dw12.c:1057:9:LIS2DW12_ACC_Set_Wake_Up_Duration	16	static
lis2dw12.c:1073:9:LIS2DW12_ACC_Enable_Inactivity_Detection	24	static
lis2dw12.c:1122:9:LIS2DW12_ACC_Disable_Inactivity_Detection	32	static
lis2dw12.c:1184:9:LIS2DW12_ACC_Set_Sleep_Duration	16	static
lis2dw12.c:1200:9:LIS2DW12_ACC_Enable_6D_Orientation	24	static
lis2dw12.c:1244:9:LIS2DW12_ACC_Disable_6D_Orientation	32	static
lis2dw12.c:1300:9:LIS2DW12_ACC_Set_6D_Orientation_Threshold	16	static
lis2dw12.c:1321:9:LIS2DW12_ACC_Get_6D_Orientation_XL	24	static
lis2dw12.c:1341:9:LIS2DW12_ACC_Get_6D_Orientation_XH	24	static
lis2dw12.c:1361:9:LIS2DW12_ACC_Get_6D_Orientation_YL	24	static
lis2dw12.c:1381:9:LIS2DW12_ACC_Get_6D_Orientation_YH	24	static
lis2dw12.c:1401:9:LIS2DW12_ACC_Get_6D_Orientation_ZL	24	static
lis2dw12.c:1421:9:LIS2DW12_ACC_Get_6D_Orientation_ZH	24	static
lis2dw12.c:1441:9:LIS2DW12_ACC_Get_Event_Status	32	static
lis2dw12.c:1497:9:LIS2DW12_ACC_Set_SelfTest	24	static
lis2dw12.c:1524:9:LIS2DW12_ACC_Get_DRDY_Status	16	static
lis2dw12.c:1540:9:LIS2DW12_ACC_Get_Init_Status	16	static
lis2dw12.c:1558:9:LIS2DW12_FIFO_Get_Num_Samples	24	static
lis2dw12.c:1585:9:LIS2DW12_FIFO_Set_Mode	24	static
lis2dw12.c:1633:16:LIS2DW12_ACC_SetOutputDataRate_When_Enabled	32	static
lis2dw12.c:1771:16:LIS2DW12_ACC_SetOutputDataRate_When_Disabled	24	static
lis2dw12.c:1798:16:ReadRegWrap	40	static
lis2dw12.c:1813:16:WriteRegWrap	40	static
