iks01a3_env_sensors_ex.c:60:9:IKS01A3_ENV_SENSOR_Get_DRDY_Status	32	static
iks01a3_env_sensors_ex.c:339:9:IKS01A3_ENV_SENSOR_Read_Register	32	static
iks01a3_env_sensors_ex.c:478:9:IKS01A3_ENV_SENSOR_Write_Register	24	static
iks01a3_env_sensors_ex.c:615:9:IKS01A3_ENV_SENSOR_Set_High_Temperature_Threshold	24	static
iks01a3_env_sensors_ex.c:648:9:IKS01A3_ENV_SENSOR_Set_Low_Temperature_Threshold	24	static
iks01a3_env_sensors_ex.c:683:9:IKS01A3_ENV_SENSOR_Get_Temperature_Limit_Status	32	static
iks01a3_env_sensors_ex.c:716:9:IKS01A3_ENV_SENSOR_Set_Event_Pin	24	static
iks01a3_env_sensors_ex.c:750:9:IKS01A3_ENV_SENSOR_FIFO_Get_Data	32	static
iks01a3_env_sensors_ex.c:809:9:IKS01A3_ENV_SENSOR_FIFO_Get_Fth_Status	24	static
iks01a3_env_sensors_ex.c:868:9:IKS01A3_ENV_SENSOR_FIFO_Get_Full_Status	24	static
iks01a3_env_sensors_ex.c:927:9:IKS01A3_ENV_SENSOR_FIFO_Get_Num_Samples	24	static
iks01a3_env_sensors_ex.c:986:9:IKS01A3_ENV_SENSOR_FIFO_Get_Ovr_Status	24	static
iks01a3_env_sensors_ex.c:1045:9:IKS01A3_ENV_SENSOR_FIFO_Reset_Interrupt	24	static
iks01a3_env_sensors_ex.c:1104:9:IKS01A3_ENV_SENSOR_FIFO_Set_Interrupt	24	static
iks01a3_env_sensors_ex.c:1163:9:IKS01A3_ENV_SENSOR_FIFO_Set_Mode	24	static
iks01a3_env_sensors_ex.c:1222:9:IKS01A3_ENV_SENSOR_FIFO_Set_Watermark_Level	24	static
iks01a3_env_sensors_ex.c:1281:9:IKS01A3_ENV_SENSOR_FIFO_Stop_On_Watermark	24	static
iks01a3_env_sensors_ex.c:1339:9:IKS01A3_ENV_SENSOR_Set_One_Shot	24	static
iks01a3_env_sensors_ex.c:1450:9:IKS01A3_ENV_SENSOR_Get_One_Shot_Status	24	static
