stts751_reg.c:49:9:stts751_read_reg	40	static
stts751_reg.c:68:9:stts751_write_reg	40	static
stts751_reg.c:90:7:stts751_from_lsb_to_celsius	16	static
stts751_reg.c:112:9:stts751_from_celsius_to_lsb	16	static
stts751_reg.c:138:9:stts751_temp_data_rate_set	32	static
stts751_reg.c:180:9:stts751_temp_data_rate_get	32	static
stts751_reg.c:259:9:stts751_resolution_set	24	static
stts751_reg.c:283:9:stts751_resolution_get	24	static
stts751_reg.c:323:9:stts751_status_reg_get	24	static
stts751_reg.c:339:9:stts751_flag_busy_get	24	static
stts751_reg.c:369:9:stts751_temperature_raw_get	24	static
stts751_reg.c:406:9:stts751_pin_event_route_set	24	static
stts751_reg.c:430:9:stts751_pin_event_route_get	24	static
stts751_reg.c:461:9:stts751_high_temperature_threshold_set	24	static
stts751_reg.c:481:9:stts751_high_temperature_threshold_get	24	static
stts751_reg.c:501:9:stts751_low_temperature_threshold_set	24	static
stts751_reg.c:521:9:stts751_low_temperature_threshold_get	24	static
stts751_reg.c:554:9:stts751_ota_thermal_limit_set	24	static
stts751_reg.c:569:9:stts751_ota_thermal_limit_get	24	static
stts751_reg.c:585:9:stts751_ota_thermal_hyst_set	24	static
stts751_reg.c:602:9:stts751_ota_thermal_hyst_get	24	static
stts751_reg.c:631:9:stts751_smbus_timeout_set	24	static
stts751_reg.c:656:9:stts751_smbus_timeout_get	24	static
stts751_reg.c:674:9:stts751_device_id_get	24	static
