stts751.c:80:9:STTS751_RegisterBusIO	24	static
stts751.c:120:9:STTS751_Init	16	static
stts751.c:156:9:STTS751_DeInit	16	static
stts751.c:178:9:STTS751_ReadID	24	static
stts751.c:198:9:STTS751_GetCapabilities	16	static
stts751.c:219:9:STTS751_Get_Init_Status	16	static
stts751.c:236:9:STTS751_TEMP_Enable	16	static
stts751.c:260:9:STTS751_TEMP_Disable	16	static
stts751.c:291:9:STTS751_TEMP_GetOutputDataRate	24	static
stts751.c:362:9:STTS751_TEMP_SetOutputDataRate	24	static
stts751.c:418:9:STTS751_TEMP_GetTemperature	24	static
stts751.c:439:9:STTS751_TEMP_Get_DRDY_Status	24	static
stts751.c:465:9:STTS751_TEMP_SetHighTemperatureThreshold	24	static
stts751.c:486:9:STTS751_TEMP_SetLowTemperatureThreshold	24	static
stts751.c:509:9:STTS751_TEMP_GetTemperatureLimitStatus	32	static
stts751.c:543:9:STTS751_TEMP_SetEventPin	24	static
stts751.c:565:9:STTS751_Read_Reg	24	static
stts751.c:582:9:STTS751_Write_Reg	16	static
stts751.c:597:9:STTS751_Set_One_Shot	16	static
stts751.c:614:9:STTS751_Get_One_Shot_Status	24	static
stts751.c:652:16:ReadRegWrap	48	static
stts751.c:681:16:WriteRegWrap	48	static
