../Core/Inc/FusionMath.h:127:21:FusionDegreesToRadians	16	static
../Core/Inc/FusionMath.h:136:21:FusionRadiansToDegrees	16	static
../Core/Inc/FusionMath.h:148:21:FusionAsin	16	static
../Core/Inc/FusionMath.h:169:21:FusionFastInverseSqrt	24	static
../Core/Inc/FusionMath.h:191:20:FusionVectorIsZero	24	static
../Core/Inc/FusionMath.h:201:28:FusionVectorAdd	72	static
../Core/Inc/FusionMath.h:215:28:FusionVectorSubtract	72	static
../Core/Inc/FusionMath.h:228:21:FusionVectorSum	24	static
../Core/Inc/FusionMath.h:238:28:FusionVectorMultiplyScalar	64	static
../Core/Inc/FusionMath.h:252:28:FusionVectorHadamardProduct	72	static
../Core/Inc/FusionMath.h:266:28:FusionVectorCrossProduct	72	static
../Core/Inc/FusionMath.h:283:21:FusionVectorMagnitudeSquared	40	static
../Core/Inc/FusionMath.h:292:21:FusionVectorMagnitude	24	static
../Core/Inc/FusionMath.h:301:28:FusionVectorNormalise	56	static
../Core/Inc/FusionMath.h:319:32:FusionQuaternionAdd	88	static
../Core/Inc/FusionMath.h:334:32:FusionQuaternionMultiply	88	static
../Core/Inc/FusionMath.h:356:32:FusionQuaternionMultiplyVector	88	static
../Core/Inc/FusionMath.h:374:32:FusionQuaternionNormalise	88	static
../Core/Src/FusionAhrs.c:36:6:FusionAhrsInitialise	40	static
../Core/Src/FusionAhrs.c:52:6:FusionAhrsReset	72	static
../Core/Src/FusionAhrs.c:72:6:FusionAhrsSetSettings	16	static
../Core/Src/FusionAhrs.c:100:6:FusionAhrsUpdate	264	static
../Core/Src/FusionAhrs.c:205:6:FusionAhrsUpdateNoMagnetometer	56	static
../Core/Src/FusionAhrs.c:225:6:FusionAhrsUpdateExternalHeading	72	static
../Core/Src/FusionAhrs.c:250:18:FusionAhrsGetQuaternion	48	static
../Core/Src/FusionAhrs.c:260:14:FusionAhrsGetLinearAcceleration	72	static
../Core/Src/FusionAhrs.c:278:14:FusionAhrsGetEarthAcceleration	88	static
../Core/Src/FusionAhrs.c:303:26:FusionAhrsGetInternalStates	48	static
../Core/Src/FusionAhrs.c:320:17:FusionAhrsGetFlags	32	static
../Core/Src/FusionAhrs.c:339:6:FusionAhrsSetHeading	48	static
