../Drivers/STM32WBxx_HAL_Driver/Inc/stm32wbxx_ll_bus.h:539:22:LL_AHB2_GRP1_EnableClock	24	static
../Core/Inc/FusionMath.h:136:21:FusionRadiansToDegrees	16	static
../Core/Inc/FusionMath.h:148:21:FusionAsin	16	static
../Core/Inc/FusionMath.h:215:28:FusionVectorSubtract	72	static
../Core/Inc/FusionMath.h:252:28:FusionVectorHadamardProduct	72	static
../Core/Inc/FusionMath.h:399:28:FusionMatrixMultiplyVector	64	static
../Core/Inc/FusionMath.h:445:27:FusionQuaternionToEuler	72	static
../Core/Inc/FusionCalibration.h:26:28:FusionCalibrationInertial	136	static
../Core/Inc/FusionCalibration.h:37:28:FusionCalibrationMagnetic	104	static
../Core/Src/main.c:131:5:main	208	static
../Core/Src/main.c:271:6:SystemClock_Config	112	static
../Core/Src/main.c:315:6:PeriphCommonClock_Config	88	static
../Core/Src/main.c:339:13:MX_CRC_Init	8	static
../Core/Src/main.c:370:13:MX_I2C1_Init	8	static
../Core/Src/main.c:422:13:MX_USART1_UART_Init	8	static
../Core/Src/main.c:470:13:MX_GPIO_Init	32	static
../Core/Src/main.c:527:6:HAL_UART_RxCpltCallback	16	static
../Core/Src/main.c:543:6:Error_Handler	4	static,ignoring_inline_asm
