../Drivers/STM32WBxx_HAL_Driver/Inc/stm32wbxx_ll_rcc.h:1294:26:LL_RCC_HSE_IsEnabledDiv2	4	static
../Drivers/STM32WBxx_HAL_Driver/Inc/stm32wbxx_ll_rcc.h:1304:22:LL_RCC_HSE_EnableCSS	4	static
../Drivers/STM32WBxx_HAL_Driver/Inc/stm32wbxx_ll_rcc.h:1314:22:LL_RCC_HSE_Enable	4	static
../Drivers/STM32WBxx_HAL_Driver/Inc/stm32wbxx_ll_rcc.h:1324:22:LL_RCC_HSE_Disable	4	static
../Drivers/STM32WBxx_HAL_Driver/Inc/stm32wbxx_ll_rcc.h:1334:26:LL_RCC_HSE_IsReady	4	static
../Drivers/STM32WBxx_HAL_Driver/Inc/stm32wbxx_ll_rcc.h:1476:22:LL_RCC_HSI_Enable	4	static
../Drivers/STM32WBxx_HAL_Driver/Inc/stm32wbxx_ll_rcc.h:1486:22:LL_RCC_HSI_Disable	4	static
../Drivers/STM32WBxx_HAL_Driver/Inc/stm32wbxx_ll_rcc.h:1496:26:LL_RCC_HSI_IsReady	4	static
../Drivers/STM32WBxx_HAL_Driver/Inc/stm32wbxx_ll_rcc.h:1541:22:LL_RCC_HSI_SetCalibTrimming	16	static
../Drivers/STM32WBxx_HAL_Driver/Inc/stm32wbxx_ll_rcc.h:1551:26:LL_RCC_HSI_GetCalibTrimming	4	static
../Drivers/STM32WBxx_HAL_Driver/Inc/stm32wbxx_ll_rcc.h:1570:22:LL_RCC_HSI48_Enable	4	static
../Drivers/STM32WBxx_HAL_Driver/Inc/stm32wbxx_ll_rcc.h:1580:22:LL_RCC_HSI48_Disable	4	static
../Drivers/STM32WBxx_HAL_Driver/Inc/stm32wbxx_ll_rcc.h:1590:26:LL_RCC_HSI48_IsReady	4	static
../Drivers/STM32WBxx_HAL_Driver/Inc/stm32wbxx_ll_rcc.h:1619:22:LL_RCC_LSE_Enable	4	static
../Drivers/STM32WBxx_HAL_Driver/Inc/stm32wbxx_ll_rcc.h:1629:22:LL_RCC_LSE_Disable	4	static
../Drivers/STM32WBxx_HAL_Driver/Inc/stm32wbxx_ll_rcc.h:1649:22:LL_RCC_LSE_EnableBypass	4	static
../Drivers/STM32WBxx_HAL_Driver/Inc/stm32wbxx_ll_rcc.h:1659:22:LL_RCC_LSE_DisableBypass	4	static
../Drivers/STM32WBxx_HAL_Driver/Inc/stm32wbxx_ll_rcc.h:1721:26:LL_RCC_LSE_IsReady	4	static
../Drivers/STM32WBxx_HAL_Driver/Inc/stm32wbxx_ll_rcc.h:1749:22:LL_RCC_LSI1_Enable	4	static
../Drivers/STM32WBxx_HAL_Driver/Inc/stm32wbxx_ll_rcc.h:1759:22:LL_RCC_LSI1_Disable	4	static
../Drivers/STM32WBxx_HAL_Driver/Inc/stm32wbxx_ll_rcc.h:1769:26:LL_RCC_LSI1_IsReady	4	static
../Drivers/STM32WBxx_HAL_Driver/Inc/stm32wbxx_ll_rcc.h:1787:22:LL_RCC_LSI2_Enable	4	static
../Drivers/STM32WBxx_HAL_Driver/Inc/stm32wbxx_ll_rcc.h:1797:22:LL_RCC_LSI2_Disable	4	static
../Drivers/STM32WBxx_HAL_Driver/Inc/stm32wbxx_ll_rcc.h:1807:26:LL_RCC_LSI2_IsReady	4	static
../Drivers/STM32WBxx_HAL_Driver/Inc/stm32wbxx_ll_rcc.h:1818:22:LL_RCC_LSI2_SetTrimming	16	static
../Drivers/STM32WBxx_HAL_Driver/Inc/stm32wbxx_ll_rcc.h:1846:22:LL_RCC_MSI_Enable	4	static
../Drivers/STM32WBxx_HAL_Driver/Inc/stm32wbxx_ll_rcc.h:1856:22:LL_RCC_MSI_Disable	4	static
../Drivers/STM32WBxx_HAL_Driver/Inc/stm32wbxx_ll_rcc.h:1866:26:LL_RCC_MSI_IsReady	4	static
../Drivers/STM32WBxx_HAL_Driver/Inc/stm32wbxx_ll_rcc.h:1892:22:LL_RCC_MSI_DisablePLLMode	4	static
../Drivers/STM32WBxx_HAL_Driver/Inc/stm32wbxx_ll_rcc.h:1916:22:LL_RCC_MSI_SetRange	16	static
../Drivers/STM32WBxx_HAL_Driver/Inc/stm32wbxx_ll_rcc.h:1938:26:LL_RCC_MSI_GetRange	16	static
../Drivers/STM32WBxx_HAL_Driver/Inc/stm32wbxx_ll_rcc.h:1968:22:LL_RCC_MSI_SetCalibTrimming	16	static
../Drivers/STM32WBxx_HAL_Driver/Inc/stm32wbxx_ll_rcc.h:1978:26:LL_RCC_MSI_GetCalibTrimming	4	static
../Drivers/STM32WBxx_HAL_Driver/Inc/stm32wbxx_ll_rcc.h:2054:22:LL_RCC_SetSysClkSource	16	static
../Drivers/STM32WBxx_HAL_Driver/Inc/stm32wbxx_ll_rcc.h:2068:26:LL_RCC_GetSysClkSource	4	static
../Drivers/STM32WBxx_HAL_Driver/Inc/stm32wbxx_ll_rcc.h:2148:22:LL_RCC_SetAHBPrescaler	16	static
../Drivers/STM32WBxx_HAL_Driver/Inc/stm32wbxx_ll_rcc.h:2173:22:LL_C2_RCC_SetAHBPrescaler	16	static
../Drivers/STM32WBxx_HAL_Driver/Inc/stm32wbxx_ll_rcc.h:2198:22:LL_RCC_SetAHB4Prescaler	16	static
../Drivers/STM32WBxx_HAL_Driver/Inc/stm32wbxx_ll_rcc.h:2214:22:LL_RCC_SetAPB1Prescaler	16	static
../Drivers/STM32WBxx_HAL_Driver/Inc/stm32wbxx_ll_rcc.h:2230:22:LL_RCC_SetAPB2Prescaler	16	static
../Drivers/STM32WBxx_HAL_Driver/Inc/stm32wbxx_ll_rcc.h:2254:26:LL_RCC_GetAHBPrescaler	4	static
../Drivers/STM32WBxx_HAL_Driver/Inc/stm32wbxx_ll_rcc.h:2278:26:LL_C2_RCC_GetAHBPrescaler	4	static
../Drivers/STM32WBxx_HAL_Driver/Inc/stm32wbxx_ll_rcc.h:2302:26:LL_RCC_GetAHB4Prescaler	4	static
../Drivers/STM32WBxx_HAL_Driver/Inc/stm32wbxx_ll_rcc.h:2317:26:LL_RCC_GetAPB1Prescaler	4	static
../Drivers/STM32WBxx_HAL_Driver/Inc/stm32wbxx_ll_rcc.h:2332:26:LL_RCC_GetAPB2Prescaler	4	static
../Drivers/STM32WBxx_HAL_Driver/Inc/stm32wbxx_ll_rcc.h:2480:22:LL_RCC_ConfigMCO	16	static
../Drivers/STM32WBxx_HAL_Driver/Inc/stm32wbxx_ll_rcc.h:2938:22:LL_RCC_PLL_Enable	4	static
../Drivers/STM32WBxx_HAL_Driver/Inc/stm32wbxx_ll_rcc.h:2949:22:LL_RCC_PLL_Disable	4	static
../Drivers/STM32WBxx_HAL_Driver/Inc/stm32wbxx_ll_rcc.h:2959:26:LL_RCC_PLL_IsReady	4	static
../Drivers/STM32WBxx_HAL_Driver/Inc/stm32wbxx_ll_rcc.h:3177:26:LL_RCC_PLL_GetN	4	static
../Drivers/STM32WBxx_HAL_Driver/Inc/stm32wbxx_ll_rcc.h:3219:26:LL_RCC_PLL_GetP	4	static
../Drivers/STM32WBxx_HAL_Driver/Inc/stm32wbxx_ll_rcc.h:3237:26:LL_RCC_PLL_GetQ	4	static
../Drivers/STM32WBxx_HAL_Driver/Inc/stm32wbxx_ll_rcc.h:3255:26:LL_RCC_PLL_GetR	4	static
../Drivers/STM32WBxx_HAL_Driver/Inc/stm32wbxx_ll_rcc.h:3273:26:LL_RCC_PLL_GetDivider	4	static
../Drivers/STM32WBxx_HAL_Driver/Inc/stm32wbxx_ll_rcc.h:3443:26:LL_RCC_PLLSAI1_IsReady	4	static
../Drivers/STM32WBxx_HAL_Driver/Inc/stm32wbxx_ll_rcc.h:3875:26:LL_RCC_PLL_GetMainSource	4	static
../Drivers/STM32WBxx_HAL_Driver/Inc/stm32wbxx_ll_rcc.h:4053:26:LL_RCC_IsActiveFlag_HPRE	4	static
../Drivers/STM32WBxx_HAL_Driver/Inc/stm32wbxx_ll_rcc.h:4063:26:LL_RCC_IsActiveFlag_C2HPRE	4	static
../Drivers/STM32WBxx_HAL_Driver/Inc/stm32wbxx_ll_rcc.h:4073:26:LL_RCC_IsActiveFlag_SHDHPRE	4	static
../Drivers/STM32WBxx_HAL_Driver/Inc/stm32wbxx_ll_rcc.h:4084:26:LL_RCC_IsActiveFlag_PPRE1	4	static
../Drivers/STM32WBxx_HAL_Driver/Inc/stm32wbxx_ll_rcc.h:4094:26:LL_RCC_IsActiveFlag_PPRE2	4	static
../Drivers/STM32WBxx_HAL_Driver/Src/stm32wbxx_hal_rcc.c:266:19:HAL_RCC_DeInit	16	static
../Drivers/STM32WBxx_HAL_Driver/Src/stm32wbxx_hal_rcc.c:384:19:HAL_RCC_OscConfig	64	static
../Drivers/STM32WBxx_HAL_Driver/Src/stm32wbxx_hal_rcc.c:1056:19:HAL_RCC_ClockConfig	24	static
../Drivers/STM32WBxx_HAL_Driver/Src/stm32wbxx_hal_rcc.c:1317:6:HAL_RCC_MCOConfig	56	static
../Drivers/STM32WBxx_HAL_Driver/Src/stm32wbxx_hal_rcc.c:1405:10:HAL_RCC_GetSysClockFreq	32	static
../Drivers/STM32WBxx_HAL_Driver/Src/stm32wbxx_hal_rcc.c:1470:10:HAL_RCC_GetHCLKFreq	16	static
../Drivers/STM32WBxx_HAL_Driver/Src/stm32wbxx_hal_rcc.c:1480:10:HAL_RCC_GetHCLK2Freq	16	static
../Drivers/STM32WBxx_HAL_Driver/Src/stm32wbxx_hal_rcc.c:1490:10:HAL_RCC_GetHCLK4Freq	16	static
../Drivers/STM32WBxx_HAL_Driver/Src/stm32wbxx_hal_rcc.c:1502:10:HAL_RCC_GetPCLK1Freq	16	static
../Drivers/STM32WBxx_HAL_Driver/Src/stm32wbxx_hal_rcc.c:1514:10:HAL_RCC_GetPCLK2Freq	16	static
../Drivers/STM32WBxx_HAL_Driver/Src/stm32wbxx_hal_rcc.c:1527:6:HAL_RCC_GetOscConfig	24	static
../Drivers/STM32WBxx_HAL_Driver/Src/stm32wbxx_hal_rcc.c:1637:6:HAL_RCC_GetClockConfig	16	static
../Drivers/STM32WBxx_HAL_Driver/Src/stm32wbxx_hal_rcc.c:1679:6:HAL_RCC_EnableCSS	8	static
../Drivers/STM32WBxx_HAL_Driver/Src/stm32wbxx_hal_rcc.c:1689:6:HAL_RCC_NMI_IRQHandler	8	static
../Drivers/STM32WBxx_HAL_Driver/Src/stm32wbxx_hal_rcc.c:1706:13:HAL_RCC_CSSCallback	4	static
../Drivers/STM32WBxx_HAL_Driver/Src/stm32wbxx_hal_rcc.c:1720:10:HAL_RCC_GetResetSource	16	static
../Drivers/STM32WBxx_HAL_Driver/Src/stm32wbxx_hal_rcc.c:1752:26:RCC_SetFlashLatencyFromMSIRange	32	static
../Drivers/STM32WBxx_HAL_Driver/Src/stm32wbxx_hal_rcc.c:1786:26:RCC_SetFlashLatency	88	static
