stm32wbxx_hal_rtc_ex.c:194:19:HAL_RTCEx_SetTimeStamp	32	static
stm32wbxx_hal_rtc_ex.c:256:19:HAL_RTCEx_SetTimeStamp_IT	32	static
stm32wbxx_hal_rtc_ex.c:312:19:HAL_RTCEx_DeactivateTimeStamp	24	static
stm32wbxx_hal_rtc_ex.c:352:19:HAL_RTCEx_SetInternalTimeStamp	16	static
stm32wbxx_hal_rtc_ex.c:386:19:HAL_RTCEx_DeactivateInternalTimeStamp	16	static
stm32wbxx_hal_rtc_ex.c:422:19:HAL_RTCEx_GetTimeStamp	32	static
stm32wbxx_hal_rtc_ex.c:478:19:HAL_RTCEx_SetTamper	24	static
stm32wbxx_hal_rtc_ex.c:570:19:HAL_RTCEx_SetTamper_IT	24	static
stm32wbxx_hal_rtc_ex.c:669:19:HAL_RTCEx_DeactivateTamper	16	static
stm32wbxx_hal_rtc_ex.c:715:6:HAL_RTCEx_TamperTimeStampIRQHandler	16	static
stm32wbxx_hal_rtc_ex.c:806:13:HAL_RTCEx_TimeStampEventCallback	16	static
stm32wbxx_hal_rtc_ex.c:822:13:HAL_RTCEx_Tamper1EventCallback	16	static
stm32wbxx_hal_rtc_ex.c:838:13:HAL_RTCEx_Tamper2EventCallback	16	static
stm32wbxx_hal_rtc_ex.c:854:13:HAL_RTCEx_Tamper3EventCallback	16	static
stm32wbxx_hal_rtc_ex.c:871:19:HAL_RTCEx_PollForTimeStampEvent	24	static
stm32wbxx_hal_rtc_ex.c:911:19:HAL_RTCEx_PollForTamper1Event	24	static
stm32wbxx_hal_rtc_ex.c:944:19:HAL_RTCEx_PollForTamper2Event	24	static
stm32wbxx_hal_rtc_ex.c:977:19:HAL_RTCEx_PollForTamper3Event	24	static
stm32wbxx_hal_rtc_ex.c:1029:19:HAL_RTCEx_SetWakeUpTimer	32	static
stm32wbxx_hal_rtc_ex.c:1119:19:HAL_RTCEx_SetWakeUpTimer_IT	32	static
stm32wbxx_hal_rtc_ex.c:1218:19:HAL_RTCEx_DeactivateWakeUpTimer	24	static
stm32wbxx_hal_rtc_ex.c:1270:10:HAL_RTCEx_GetWakeUpTimer	16	static
stm32wbxx_hal_rtc_ex.c:1281:6:HAL_RTCEx_WakeUpTimerIRQHandler	16	static
stm32wbxx_hal_rtc_ex.c:1309:13:HAL_RTCEx_WakeUpTimerEventCallback	16	static
stm32wbxx_hal_rtc_ex.c:1326:19:HAL_RTCEx_PollForWakeUpTimerEvent	24	static
stm32wbxx_hal_rtc_ex.c:1392:6:HAL_RTCEx_BKUPWrite	32	static
stm32wbxx_hal_rtc_ex.c:1414:10:HAL_RTCEx_BKUPRead	24	static
stm32wbxx_hal_rtc_ex.c:1447:19:HAL_RTCEx_SetSmoothCalib	32	static
stm32wbxx_hal_rtc_ex.c:1516:19:HAL_RTCEx_SetSynchroShift	32	static
stm32wbxx_hal_rtc_ex.c:1609:19:HAL_RTCEx_SetCalibrationOutPut	16	static
stm32wbxx_hal_rtc_ex.c:1647:19:HAL_RTCEx_DeactivateCalibrationOutPut	16	static
stm32wbxx_hal_rtc_ex.c:1676:19:HAL_RTCEx_SetRefClock	16	static
stm32wbxx_hal_rtc_ex.c:1725:19:HAL_RTCEx_DeactivateRefClock	16	static
stm32wbxx_hal_rtc_ex.c:1776:19:HAL_RTCEx_EnableBypassShadow	16	static
stm32wbxx_hal_rtc_ex.c:1808:19:HAL_RTCEx_DisableBypassShadow	16	static
stm32wbxx_hal_rtc_ex.c:1857:13:HAL_RTCEx_AlarmBEventCallback	16	static
stm32wbxx_hal_rtc_ex.c:1873:19:HAL_RTCEx_PollForAlarmBEvent	24	static
