stm32wbxx_hal_rtc.c:230:19:HAL_RTC_Init	16	static
stm32wbxx_hal_rtc.c:360:19:HAL_RTC_DeInit	24	static
stm32wbxx_hal_rtc.c:697:13:HAL_RTC_MspInit	16	static
stm32wbxx_hal_rtc.c:712:13:HAL_RTC_MspDeInit	16	static
stm32wbxx_hal_rtc.c:750:19:HAL_RTC_SetTime	40	static
stm32wbxx_hal_rtc.c:882:19:HAL_RTC_GetTime	32	static
stm32wbxx_hal_rtc.c:926:19:HAL_RTC_SetDate	40	static
stm32wbxx_hal_rtc.c:1035:19:HAL_RTC_GetDate	32	static
stm32wbxx_hal_rtc.c:1068:6:HAL_RTC_DST_Add1Hour	16	static
stm32wbxx_hal_rtc.c:1082:6:HAL_RTC_DST_Sub1Hour	16	static
stm32wbxx_hal_rtc.c:1096:6:HAL_RTC_DST_SetStoreOperation	16	static
stm32wbxx_hal_rtc.c:1109:6:HAL_RTC_DST_ClearStoreOperation	16	static
stm32wbxx_hal_rtc.c:1122:10:HAL_RTC_DST_ReadStoreOperation	16	static
stm32wbxx_hal_rtc.c:1156:19:HAL_RTC_SetAlarm	48	static
stm32wbxx_hal_rtc.c:1337:19:HAL_RTC_SetAlarm_IT	48	static
stm32wbxx_hal_rtc.c:1519:19:HAL_RTC_DeactivateAlarm	24	static
stm32wbxx_hal_rtc.c:1613:19:HAL_RTC_GetAlarm	32	static
stm32wbxx_hal_rtc.c:1673:6:HAL_RTC_AlarmIRQHandler	16	static
stm32wbxx_hal_rtc.c:1722:13:HAL_RTC_AlarmAEventCallback	16	static
stm32wbxx_hal_rtc.c:1738:19:HAL_RTC_PollForAlarmAEvent	24	static
stm32wbxx_hal_rtc.c:1797:19:HAL_RTC_WaitForSynchro	24	static
stm32wbxx_hal_rtc.c:1841:21:HAL_RTC_GetState	16	static
stm32wbxx_hal_rtc.c:1864:19:RTC_EnterInitMode	24	static
stm32wbxx_hal_rtc.c:1894:9:RTC_ByteToBcd2	24	static
stm32wbxx_hal_rtc.c:1913:9:RTC_Bcd2ToByte	24	static
